
> 0236120b-6d4d-4c10-8833-99940f850c0e@1.0.28 prebuild
> node scripts/bump_version.js

≡ƒÜÇ Bumping version: 1.0.28 -> 1.0.29
Γ£à Updated package.json
Γ£à Updated lib/version.js
Γ£à Updated app/api/version/route.js

≡ƒÄë Ready to deploy! Run: vercel --prod

> 0236120b-6d4d-4c10-8833-99940f850c0e@1.0.28 build
> next build

   Γû▓ Next.js 15.5.12
   - Environments: .env

   Creating an optimized production build ...
node.exe : Failed to 
compile.
At line:1 char:1
+ & "C:\nvm4w\nodejs/no
de.exe" "C:\Users\shuva
\AppData\Roaming\npm/no
de ...
+ ~~~~~~~~~~~~~~~~~~~~~
~~~~~~~~~~~~~~~~~~~~~~~
~~~~~~~~~~~~~~~~~~~~~~~
~~
    + CategoryInfo     
         : NotSpecifi  
  ed: (Failed to com   
 pile.:String) [],     
RemoteException
    + FullyQualifiedEr 
   rorId : NativeComm  
  andError
 

./components/Dashboard/
Roles/ProjectManagerDas
hboard.jsx
Error:   [31mx[0m 
Unexpected token. Did 
you mean `{'}'}` or 
`&rbrace;`?
     ,-[[36;1;4mD:\Pro
ject\AutoInvoice\compon
ents\Dashboard\Roles\Pr
ojectManagerDashboard.j
sx[0m:197:1]
 [2m194[0m |         
                       
                 
</Link>
 [2m195[0m |         
                       
             </div>
 [2m196[0m |         
                       
         </div>
 [2m197[0m |         
                    ))}
     : [35;1m         
                     
^[0m
 [2m198[0m |         
                       
     </div>
 [2m199[0m |         
            )}
 [2m199[0m |         
                       
 </div>
     `----
  [31mx[0m 
Unexpected token. Did 
you mean `{'}'}` or 
`&rbrace;`?
     ,-[[36;1;4mD:\Pro
ject\AutoInvoice\compon
ents\Dashboard\Roles\Pr
ojectManagerDashboard.j
sx[0m:199:1]
 [2m196[0m |         
                       
         </div>
 [2m197[0m |         
                    ))}
 [2m198[0m |         
                       
     </div>
 [2m199[0m |         
            )}
     : [35;1m         
            ^[0m
 [2m200[0m |         
                       
 </div>
 [2m201[0m |         
        </Card>
 [2m201[0m |         
    </div>
     `----
  [31mx[0m 
Unterminated regexp 
literal
     ,-[[36;1;4mD:\Pro
ject\AutoInvoice\compon
ents\Dashboard\Roles\Pr
ojectManagerDashboard.j
sx[0m:201:1]
 [2m198[0m |         
                       
     </div>
 [2m199[0m |         
            )}
 [2m200[0m |         
                       
 </div>
 [2m201[0m |         
        </Card>
     : [35;1m         
        ^^^^^^[0m
 [2m202[0m |         
    </div>
 [2m203[0m | 
 [2m203[0m |         
    {/* Quick Actions 
*/}
     `----

Caused by:
    Syntax Error

Import trace for 
requested module:
./components/Dashboard/
Roles/ProjectManagerDas
hboard.jsx
./app/dashboard/page.js
x

./app/pm/approvals/page
.jsx
Error:   [31mx[0m 
Expression expected
     ,-[[36;1;4mD:\Pro
ject\AutoInvoice\app\pm
\approvals\page.jsx[0m
:214:1]
 [2m211[0m |         
                       
     </button>
 [2m212[0m |         
                       
 </div>
 [2m213[0m |         
                    
</Card>
 [2m214[0m |         
                
</motion.div>
     : [35;1m         
               ^[0m
 [2m215[0m |         
        ))}
 [2m216[0m |         
    </div>
 [2m216[0m |         
    )}
     `----
  [31mx[0m 
Unterminated regexp 
literal
     ,-[[36;1;4mD:\Pro
ject\AutoInvoice\app\pm
\approvals\page.jsx[0m
:214:1]
 [2m211[0m |         
                       
     </button>
 [2m212[0m |         
                       
 </div>
 [2m213[0m |         
                    
</Card>
 [2m214[0m |         
                
</motion.div>
     : [35;1m         
                
^^^^^^^^^^^^[0m
 [2m215[0m |         
        ))}
 [2m216[0m |         
    </div>
 [2m216[0m |         
    )}
     `----

Caused by:
    Syntax Error

Import trace for 
requested module:
./app/pm/approvals/page
.jsx


> Build failed because 
of webpack errors
